\BOOKMARK [0][-]{chapter*.1}{\376\377\000C\000a\000n\000d\000i\000d\000a\000t\000e\000'\000s\000\040\000D\000e\000c\000l\000a\000r\000a\000t\000i\000o\000n}{}% 1
\BOOKMARK [0][-]{chapter*.2}{\376\377\000C\000e\000r\000t\000i\000f\000i\000c\000a\000t\000e}{}% 2
\BOOKMARK [0][-]{chapter*.3}{\376\377\000A\000c\000k\000n\000o\000w\000l\000e\000d\000g\000e\000m\000e\000n\000t\000s}{}% 3
\BOOKMARK [0][-]{chapter*.4}{\376\377\000A\000b\000s\000t\000r\000a\000c\000t}{}% 4
\BOOKMARK [0][-]{chapter*.8}{\376\377\000L\000i\000s\000t\000\040\000o\000f\000\040\000S\000y\000m\000b\000o\000l\000s\000\040\000a\000n\000d\000\040\000A\000b\000b\000r\000e\000v\000i\000a\000t\000i\000o\000n\000s}{}% 5
\BOOKMARK [0][-]{chapter.1}{\376\377\000I\000n\000t\000r\000o\000d\000u\000c\000t\000i\000o\000n}{}% 6
\BOOKMARK [1][-]{section.1.1}{\376\377\000B\000a\000c\000k\000g\000r\000o\000u\000n\000d\000\040\000a\000n\000d\000\040\000M\000o\000t\000i\000v\000a\000t\000i\000o\000n}{chapter.1}% 7
\BOOKMARK [2][-]{subsection.1.1.1}{\376\377\000W\000h\000y\000\040\000B\000e\000g\000i\000n\000n\000e\000r\000-\000F\000r\000i\000e\000n\000d\000l\000i\000n\000e\000s\000s\000\040\000M\000a\000t\000t\000e\000r\000s\000\040\000H\000e\000r\000e}{section.1.1}% 8
\BOOKMARK [1][-]{section.1.2}{\376\377\000P\000r\000o\000b\000l\000e\000m\000\040\000S\000t\000a\000t\000e\000m\000e\000n\000t}{chapter.1}% 9
\BOOKMARK [1][-]{section.1.3}{\376\377\000C\000o\000n\000t\000r\000i\000b\000u\000t\000i\000o\000n\000s}{chapter.1}% 10
\BOOKMARK [1][-]{section.1.4}{\376\377\000T\000h\000e\000s\000i\000s\000\040\000O\000r\000g\000a\000n\000i\000s\000a\000t\000i\000o\000n}{chapter.1}% 11
\BOOKMARK [0][-]{chapter.2}{\376\377\000T\000h\000e\000o\000r\000e\000t\000i\000c\000a\000l\000\040\000B\000a\000c\000k\000g\000r\000o\000u\000n\000d}{}% 12
\BOOKMARK [1][-]{section.2.1}{\376\377\000T\000h\000e\000\040\000D\000a\000m\000p\000e\000d\000\040\000H\000a\000r\000m\000o\000n\000i\000c\000\040\000O\000s\000c\000i\000l\000l\000a\000t\000o\000r\000:\000\040\000A\000\040\000B\000e\000g\000i\000n\000n\000e\000r\000'\000s\000\040\000R\000e\000v\000i\000e\000w}{chapter.2}% 13
\BOOKMARK [2][-]{subsection.2.1.1}{\376\377\000T\000h\000e\000\040\000E\000q\000u\000a\000t\000i\000o\000n\000\040\000a\000n\000d\000\040\000W\000h\000a\000t\000\040\000E\000a\000c\000h\000\040\000T\000e\000r\000m\000\040\000M\000e\000a\000n\000s}{section.2.1}% 14
\BOOKMARK [2][-]{subsection.2.1.2}{\376\377\000T\000h\000e\000\040\000C\000l\000o\000s\000e\000d\000-\000F\000o\000r\000m\000\040\000S\000o\000l\000u\000t\000i\000o\000n\000\040\000\050\000U\000n\000d\000e\000r\000-\000D\000a\000m\000p\000e\000d\000\040\000F\000r\000e\000e\000\040\000R\000e\000s\000p\000o\000n\000s\000e\000\051}{section.2.1}% 15
\BOOKMARK [2][-]{subsection.2.1.3}{\376\377\000N\000o\000n\000-\000L\000i\000n\000e\000a\000r\000\040\000V\000a\000r\000i\000a\000n\000t\000s}{section.2.1}% 16
\BOOKMARK [1][-]{section.2.2}{\376\377\000N\000e\000u\000r\000a\000l\000\040\000N\000e\000t\000w\000o\000r\000k\000s\000\040\000f\000o\000r\000\040\000B\000e\000g\000i\000n\000n\000e\000r\000s}{chapter.2}% 17
\BOOKMARK [2][-]{subsection.2.2.1}{\376\377\000T\000h\000e\000\040\000M\000u\000l\000t\000i\000-\000L\000a\000y\000e\000r\000\040\000P\000e\000r\000c\000e\000p\000t\000r\000o\000n}{section.2.2}% 18
\BOOKMARK [2][-]{subsection.2.2.2}{\376\377\000W\000h\000y\000\040\000N\000e\000u\000r\000a\000l\000\040\000N\000e\000t\000w\000o\000r\000k\000s\000\040\000C\000a\000n\000\040\000A\000p\000p\000r\000o\000x\000i\000m\000a\000t\000e\000\040\000A\000n\000y\000t\000h\000i\000n\000g\000\040\000\050\000B\000r\000i\000e\000f\000l\000y\000\051}{section.2.2}% 19
\BOOKMARK [2][-]{subsection.2.2.3}{\376\377\000I\000n\000p\000u\000t\000\040\000N\000o\000r\000m\000a\000l\000i\000s\000a\000t\000i\000o\000n\000:\000\040\000A\000\040\000S\000m\000a\000l\000l\000\040\000b\000u\000t\000\040\000C\000r\000i\000t\000i\000c\000a\000l\000\040\000D\000e\000t\000a\000i\000l}{section.2.2}% 20
\BOOKMARK [1][-]{section.2.3}{\376\377\000A\000u\000t\000o\000m\000a\000t\000i\000c\000\040\000D\000i\000f\000f\000e\000r\000e\000n\000t\000i\000a\000t\000i\000o\000n\000\040\000i\000n\000\040\000O\000n\000e\000\040\000P\000a\000g\000e}{chapter.2}% 21
\BOOKMARK [1][-]{section.2.4}{\376\377\000O\000p\000t\000i\000m\000i\000s\000a\000t\000i\000o\000n\000:\000\040\000A\000d\000a\000m\000\040\000a\000n\000d\000\040\000L\000-\000B\000F\000G\000S}{chapter.2}% 22
\BOOKMARK [2][-]{subsection.2.4.1}{\376\377\000A\000d\000a\000m\000\040\000i\000n\000\040\000T\000h\000r\000e\000e\000\040\000L\000i\000n\000e\000s}{section.2.4}% 23
\BOOKMARK [2][-]{subsection.2.4.2}{\376\377\000L\000-\000B\000F\000G\000S\000\040\000f\000o\000r\000\040\000t\000h\000e\000\040\000P\000o\000l\000i\000s\000h}{section.2.4}% 24
\BOOKMARK [1][-]{section.2.5}{\376\377\000P\000h\000y\000s\000i\000c\000s\000-\000I\000n\000f\000o\000r\000m\000e\000d\000\040\000N\000e\000u\000r\000a\000l\000\040\000N\000e\000t\000w\000o\000r\000k\000s}{chapter.2}% 25
\BOOKMARK [2][-]{subsection.2.5.1}{\376\377\000T\000h\000e\000\040\000L\000o\000s\000s\000\040\000F\000o\000r\000m\000u\000l\000a\000t\000i\000o\000n}{section.2.5}% 26
\BOOKMARK [2][-]{subsection.2.5.2}{\376\377\000S\000o\000f\000t\000\040\000v\000s\000\040\000H\000a\000r\000d\000\040\000I\000n\000i\000t\000i\000a\000l\000-\000C\000o\000n\000d\000i\000t\000i\000o\000n\000\040\000E\000n\000f\000o\000r\000c\000e\000m\000e\000n\000t}{section.2.5}% 27
\BOOKMARK [2][-]{subsection.2.5.3}{\376\377\000K\000n\000o\000w\000n\000\040\000F\000a\000i\000l\000u\000r\000e\000\040\000M\000o\000d\000e\000s}{section.2.5}% 28
\BOOKMARK [0][-]{chapter.3}{\376\377\000P\000h\000a\000s\000e\000\040\0000\000\040\040\023\000\040\000L\000i\000t\000e\000r\000a\000t\000u\000r\000e\000\040\000F\000o\000u\000n\000d\000a\000t\000i\000o\000n}{}% 29
\BOOKMARK [1][-]{section.3.1}{\376\377\000R\000e\000a\000d\000i\000n\000g\000\040\000t\000h\000e\000\040\000I\000E\000E\000E\000\040\000P\000a\000p\000e\000r\000\040\000o\000f\000\040\000J\000i\000a\000n\000g\000\040\000e\000t\000\040\000a\000l\000.\000\040\000\050\0002\0000\0002\0004\000\051}{chapter.3}% 30
\BOOKMARK [1][-]{section.3.2}{\376\377\000S\000u\000r\000r\000o\000u\000n\000d\000i\000n\000g\000\040\000L\000i\000t\000e\000r\000a\000t\000u\000r\000e}{chapter.3}% 31
\BOOKMARK [1][-]{section.3.3}{\376\377\000I\000d\000e\000n\000t\000i\000f\000i\000e\000d\000\040\000G\000a\000p\000s\000\040\000t\000h\000a\000t\000\040\000P\000h\000a\000s\000e\000s\000\040\0001\040\023\0003\000\040\000A\000d\000d\000r\000e\000s\000s}{chapter.3}% 32
\BOOKMARK [0][-]{chapter.4}{\376\377\000P\000h\000a\000s\000e\000\040\0001\000\040\040\023\000\040\000L\000i\000n\000e\000a\000r\000\040\000D\000a\000m\000p\000e\000d\000\040\000O\000s\000c\000i\000l\000l\000a\000t\000o\000r\000\040\000w\000i\000t\000h\000\040\000T\000h\000r\000e\000e\000-\000M\000o\000d\000e\000l\000\040\000C\000o\000m\000p\000a\000r\000i\000s\000o\000n}{}% 33
\BOOKMARK [1][-]{section.4.1}{\376\377\000S\000y\000s\000t\000e\000m\000\040\000U\000n\000d\000e\000r\000\040\000S\000t\000u\000d\000y\000\040\000a\000n\000d\000\040\000A\000n\000a\000l\000y\000t\000i\000c\000a\000l\000\040\000R\000e\000f\000e\000r\000e\000n\000c\000e}{chapter.4}% 34
\BOOKMARK [1][-]{section.4.2}{\376\377\000D\000a\000t\000a\000\040\000G\000e\000n\000e\000r\000a\000t\000i\000o\000n\000\040\000P\000r\000o\000t\000o\000c\000o\000l}{chapter.4}% 35
\BOOKMARK [1][-]{section.4.3}{\376\377\000T\000h\000r\000e\000e\000\040\000M\000o\000d\000e\000l\000s}{chapter.4}% 36
\BOOKMARK [1][-]{section.4.4}{\376\377\000R\000e\000s\000u\000l\000t\000s\000:\000\040\000T\000h\000r\000e\000e\000-\000M\000o\000d\000e\000l\000\040\000C\000o\000m\000p\000a\000r\000i\000s\000o\000n\000\040\000T\000a\000b\000l\000e}{chapter.4}% 37
\BOOKMARK [1][-]{section.4.5}{\376\377\000P\000h\000a\000s\000e\000\040\0001\000\040\000L\000e\000s\000s\000o\000n\000s\000\040\000L\000e\000a\000r\000n\000e\000d}{chapter.4}% 38
\BOOKMARK [0][-]{chapter.5}{\376\377\000P\000h\000a\000s\000e\000\040\0002\000\040\040\023\000\040\000N\000o\000n\000-\000L\000i\000n\000e\000a\000r\000\040\000D\000a\000m\000p\000i\000n\000g\000\040\000\050\000Q\000u\000a\000d\000r\000a\000t\000i\000c\000\040\000i\000n\000\040\000V\000e\000l\000o\000c\000i\000t\000y\000\051}{}% 39
\BOOKMARK [1][-]{section.5.1}{\376\377\000T\000h\000e\000\040\000Q\000u\000a\000d\000r\000a\000t\000i\000c\000-\000D\000a\000m\000p\000i\000n\000g\000\040\000O\000D\000E}{chapter.5}% 40
\BOOKMARK [1][-]{section.5.2}{\376\377\000N\000e\000t\000w\000o\000r\000k\000\040\000a\000n\000d\000\040\000T\000r\000a\000i\000n\000i\000n\000g\000\040\000C\000o\000n\000f\000i\000g\000u\000r\000a\000t\000i\000o\000n}{chapter.5}% 41
\BOOKMARK [2][-]{subsection.5.2.1}{\376\377\000A\000r\000c\000h\000i\000t\000e\000c\000t\000u\000r\000e}{section.5.2}% 42
\BOOKMARK [2][-]{subsection.5.2.2}{\376\377\000L\000o\000s\000s\000\040\000a\000n\000d\000\040\000O\000p\000t\000i\000m\000i\000s\000e\000r}{section.5.2}% 43
\BOOKMARK [2][-]{subsection.5.2.3}{\376\377\000N\000o\000\040\000L\000-\000B\000F\000G\000S\000\040\000i\000n\000\040\000P\000h\000a\000s\000e\000\040\0002}{section.5.2}% 44
\BOOKMARK [1][-]{section.5.3}{\376\377\000P\000h\000a\000s\000e\000\040\0002\000\040\000R\000e\000s\000u\000l\000t\000s}{chapter.5}% 45
\BOOKMARK [1][-]{section.5.4}{\376\377\000P\000h\000a\000s\000e\000\040\0002\000\040\000L\000e\000s\000s\000o\000n\000s\000\040\000L\000e\000a\000r\000n\000e\000d}{chapter.5}% 46
\BOOKMARK [0][-]{chapter.6}{\376\377\000P\000h\000a\000s\000e\000\040\0003\000\040\040\023\000\040\000C\000u\000b\000i\000c\000\040\000D\000u\000f\000f\000i\000n\000g\000\040\000w\000i\000t\000h\000\040\000H\000a\000r\000d\000-\000I\000C\000\040\000a\000n\000d\000\040\000L\000-\000B\000F\000G\000S\000\040\000P\000o\000l\000i\000s\000h}{}% 47
\BOOKMARK [1][-]{section.6.1}{\376\377\000T\000h\000e\000\040\000D\000u\000f\000f\000i\000n\000g\000\040\000B\000e\000n\000c\000h\000m\000a\000r\000k}{chapter.6}% 48
\BOOKMARK [1][-]{section.6.2}{\376\377\000B\000o\000u\000n\000d\000e\000d\000\040\000H\000a\000r\000d\000-\000I\000C\000\040\000R\000e\000p\000a\000r\000a\000m\000e\000t\000r\000i\000s\000a\000t\000i\000o\000n}{chapter.6}% 49
\BOOKMARK [2][-]{subsection.6.2.1}{\376\377\000F\000a\000i\000l\000u\000r\000e\000\040\000o\000f\000\040\000t\000h\000e\000\040\000P\000o\000l\000y\000n\000o\000m\000i\000a\000l\000\040\000G\000a\000t\000e}{section.6.2}% 50
\BOOKMARK [2][-]{subsection.6.2.2}{\376\377\000T\000h\000e\000\040\000B\000o\000u\000n\000d\000e\000d\000\040\000G\000a\000t\000e}{section.6.2}% 51
\BOOKMARK [1][-]{section.6.3}{\376\377\000T\000w\000o\000-\000S\000t\000a\000g\000e\000\040\000O\000p\000t\000i\000m\000i\000s\000e\000r\000\040\000S\000c\000h\000e\000d\000u\000l\000e}{chapter.6}% 52
\BOOKMARK [1][-]{section.6.4}{\376\377\000G\000r\000e\000e\000d\000y\000\040\000H\000y\000p\000e\000r\000p\000a\000r\000a\000m\000e\000t\000e\000r\000\040\000T\000u\000n\000e\000r}{chapter.6}% 53
\BOOKMARK [1][-]{section.6.5}{\376\377\000F\000i\000v\000e\000-\000S\000e\000e\000d\000\040\000R\000e\000p\000r\000o\000d\000u\000c\000i\000b\000i\000l\000i\000t\000y\000:\000\040\000T\000h\000e\000\040\000B\000i\000m\000o\000d\000a\000l\000\040\000S\000t\000o\000r\000y}{chapter.6}% 54
\BOOKMARK [1][-]{section.6.6}{\376\377\000H\000a\000r\000d\000\040\000v\000e\000r\000s\000u\000s\000\040\000S\000o\000f\000t\000\040\000I\000C\000:\000\040\000A\000\040\000F\000i\000v\000e\000-\000S\000e\000e\000d\000\040\000A\000b\000l\000a\000t\000i\000o\000n}{chapter.6}% 55
\BOOKMARK [1][-]{section.6.7}{\376\377\000V\000a\000n\000i\000l\000l\000a\000\040\000M\000L\000P\000\040\000C\000o\000m\000p\000a\000r\000i\000s\000o\000n\000:\000\040\000D\000a\000t\000a\000\040\000E\000f\000f\000i\000c\000i\000e\000n\000c\000y}{chapter.6}% 56
\BOOKMARK [1][-]{section.6.8}{\376\377\000G\000r\000o\000u\000p\000e\000d\000-\000E\000n\000s\000e\000m\000b\000l\000e\000\040\000T\000r\000a\000i\000n\000i\000n\000g\000\040\000f\000o\000r\000\040\000G\000P\000U\000\040\000S\000a\000t\000u\000r\000a\000t\000i\000o\000n}{chapter.6}% 57
\BOOKMARK [0][-]{chapter.7}{\376\377\000C\000r\000o\000s\000s\000-\000P\000h\000a\000s\000e\000\040\000C\000o\000m\000p\000a\000r\000i\000s\000o\000n}{}% 58
\BOOKMARK [1][-]{section.7.1}{\376\377\000L\0002\000-\000R\000e\000l\000a\000t\000i\000v\000e\000\040\000E\000r\000r\000o\000r\000\040\000A\000c\000r\000o\000s\000s\000\040\000P\000h\000a\000s\000e\000s}{chapter.7}% 59
\BOOKMARK [1][-]{section.7.2}{\376\377\000M\000e\000t\000h\000o\000d\000-\000E\000v\000o\000l\000u\000t\000i\000o\000n\000\040\000T\000a\000b\000l\000e}{chapter.7}% 60
\BOOKMARK [1][-]{section.7.3}{\376\377\000D\000e\000s\000i\000g\000n\000\040\000C\000h\000a\000n\000g\000e\000s\000\040\000a\000n\000d\000\040\000T\000h\000e\000i\000r\000\040\000E\000f\000f\000e\000c\000t\000s}{chapter.7}% 61
\BOOKMARK [1][-]{section.7.4}{\376\377\000W\000a\000l\000l\000-\000C\000l\000o\000c\000k\000\040\000a\000n\000d\000\040\000R\000e\000s\000o\000u\000r\000c\000e\000\040\000U\000s\000e}{chapter.7}% 62
\BOOKMARK [0][-]{chapter.8}{\376\377\000D\000i\000s\000c\000u\000s\000s\000i\000o\000n}{}% 63
\BOOKMARK [1][-]{section.8.1}{\376\377\000L\000-\000B\000F\000G\000S\000\040\000P\000o\000l\000i\000s\000h\000\040\000D\000o\000m\000i\000n\000a\000t\000e\000s}{chapter.8}% 64
\BOOKMARK [1][-]{section.8.2}{\376\377\000S\000o\000f\000t\000\040\000I\000C\000\040\000I\000s\000\040\000D\000a\000n\000g\000e\000r\000o\000u\000s\000l\000y\000\040\000-\000S\000e\000n\000s\000i\000t\000i\000v\000e}{chapter.8}% 65
\BOOKMARK [1][-]{section.8.3}{\376\377\000T\000h\000e\000\040\000B\000i\000m\000o\000d\000a\000l\000\040\000S\000e\000e\000d\000\040\000D\000i\000s\000t\000r\000i\000b\000u\000t\000i\000o\000n\000:\000\040\000P\000I\000N\000N\000'\000s\000\040\000R\000e\000p\000r\000o\000d\000u\000c\000i\000b\000i\000l\000i\000t\000y\000\040\000P\000r\000o\000b\000l\000e\000m}{chapter.8}% 66
\BOOKMARK [1][-]{section.8.4}{\376\377\000T\000h\000r\000e\000a\000t\000s\000\040\000t\000o\000\040\000V\000a\000l\000i\000d\000i\000t\000y}{chapter.8}% 67
\BOOKMARK [1][-]{section.8.5}{\376\377\000P\000r\000a\000c\000t\000i\000t\000i\000o\000n\000e\000r\000\040\000R\000e\000c\000o\000m\000m\000e\000n\000d\000a\000t\000i\000o\000n\000s}{chapter.8}% 68
\BOOKMARK [0][-]{chapter.9}{\376\377\000C\000o\000n\000c\000l\000u\000s\000i\000o\000n\000s\000\040\000a\000n\000d\000\040\000F\000u\000t\000u\000r\000e\000\040\000W\000o\000r\000k}{}% 69
\BOOKMARK [1][-]{section.9.1}{\376\377\000S\000u\000m\000m\000a\000r\000y\000\040\000o\000f\000\040\000F\000i\000n\000d\000i\000n\000g\000s}{chapter.9}% 70
\BOOKMARK [1][-]{section.9.2}{\376\377\000F\000u\000t\000u\000r\000e\000\040\000W\000o\000r\000k}{chapter.9}% 71
\BOOKMARK [1][-]{section.9.3}{\376\377\000C\000l\000o\000s\000i\000n\000g\000\040\000R\000e\000m\000a\000r\000k\000s}{chapter.9}% 72
