[_common] using device=cuda
  N_obs= 10 seed=0 L2=1.006e+00 (11.2s)
  N_obs= 10 seed=1 L2=5.610e-01 (11.2s)
  N_obs= 10 seed=2 L2=9.838e-01 (11.2s)
  N_obs= 10 seed=3 L2=1.727e+00 (11.2s)
  N_obs= 10 seed=4 L2=1.162e+00 (11.3s)
  N_obs= 10  mean=1.088e+00  std=3.765e-01
  N_obs= 20 seed=0 L2=1.641e-01 (10.6s)
  N_obs= 20 seed=1 L2=1.645e-01 (11.2s)
  N_obs= 20 seed=2 L2=1.327e-01 (10.4s)
  N_obs= 20 seed=3 L2=1.489e-01 (11.2s)
  N_obs= 20 seed=4 L2=6.725e-01 (11.3s)
  N_obs= 20  mean=2.566e-01  std=2.083e-01
  N_obs= 50 seed=0 L2=3.126e-02 (11.2s)
  N_obs= 50 seed=1 L2=5.037e-02 (11.3s)
  N_obs= 50 seed=2 L2=1.814e-02 (11.3s)
  N_obs= 50 seed=3 L2=1.427e-02 (11.3s)
  N_obs= 50 seed=4 L2=8.242e-02 (10.5s)
  N_obs= 50  mean=3.929e-02  std=2.498e-02
  N_obs=100 seed=0 L2=8.229e-03 (11.1s)
  N_obs=100 seed=1 L2=2.066e-02 (10.9s)
  N_obs=100 seed=2 L2=4.412e-02 (13.1s)
  N_obs=100 seed=3 L2=1.305e-02 (10.9s)
  N_obs=100 seed=4 L2=1.078e-02 (11.2s)
  N_obs=100  mean=1.937e-02  std=1.306e-02

SUMMARY
  N_obs= 10: L2 = 1.088e+00 ± 3.765e-01
  N_obs= 20: L2 = 2.566e-01 ± 2.083e-01
  N_obs= 50: L2 = 3.929e-02 ± 2.498e-02
  N_obs=100: L2 = 1.937e-02 ± 1.306e-02
